// Jest Snapshot v1, https://goo.gl/fbAQLP

exports[`Maps renders Maps correctly 1`] = `
<View
  style={
    Object {
      "alignItems": "center",
      "backgroundColor": "#fff",
      "flex": 1,
      "flexDirection": "column",
      "width": "100%",
    }
  }
>
  <View />
  <View
    style={
      Object {
        "alignItems": "center",
        "flex": 1,
        "flexDirection": "column",
      }
    }
  >
    <Text
      style={
        Object {
          "color": "red",
          "fontSize": 18,
          "marginBottom": 26.68,
          "marginTop": 26.68,
        }
      }
    >
      Please Select A Location
    </Text>
    <Text>
      <Image
        source={1}
        style={
          Object {
            "height": 40,
            "marginLeft": "auto",
            "marginRight": "auto",
            "width": 40,
          }
        }
      />
    </Text>
  </View>
  <View
    accessible={true}
    focusable={true}
    isTVSelectable={true}
    onClick={[Function]}
    onResponderGrant={[Function]}
    onResponderMove={[Function]}
    onResponderRelease={[Function]}
    onResponderTerminate={[Function]}
    onResponderTerminationRequest={[Function]}
    onStartShouldSetResponder={[Function]}
    style={
      Object {
        "alignItems": "center",
        "backgroundColor": "#3976EA",
        "borderRadius": 20,
        "height": 45,
        "justifyContent": "center",
        "marginBottom": 80.03999999999999,
        "marginLeft": "auto",
        "marginRight": "auto",
        "marginTop": 53.36,
        "opacity": 1,
        "width": 375,
      }
    }
  >
    <Text
      style={
        Object {
          "color": "#FFFFFF",
          "fontSize": 20,
          "fontWeight": "bold",
        }
      }
    >
      Add Location
    </Text>
  </View>
</View>
`;
